<html>
<body>
<pre>
<h1>µVision Build Log</h1>
<h2>Project:</h2>
I:\my docs\ECE 353\final project\Project-Dist (Maze Race)\Project-Dist (Maze Race)\Project-Dist (Maze Race)\src\ece353_project.uvprojx
Project File Date:  05/07/2015

<h2>Output:</h2>
Rebuild target 'ECE353-Project'
compiling main.c...
compiling boardUtil.c...
boardUtil.c(112): warning:  #223-D: function "wireless_set_pin_config" declared implicitly
    wireless_set_pin_config(
boardUtil.c: 1 warning, 0 errors
compiling adc.c...
..\drivers\adc.c(9): warning:  #550-D: variable "myADC" was set but never used
    ADC0_Type  *myADC;
..\drivers\adc.c: 1 warning, 0 errors
compiling eeprom.c...
..\drivers\eeprom.c(20): warning:  #550-D: variable "status" was set but never used
    i2c_status_t status;
..\drivers\eeprom.c(117): warning:  #550-D: variable "status" was set but never used
    i2c_status_t status;
..\drivers\eeprom.c: 2 warnings, 0 errors
compiling i2c.c...
compiling interrupts.c...
..\drivers\interrupts.c(69): warning:  #550-D: variable "val" was set but never used
     uint32_t val;
..\drivers\interrupts.c: 1 warning, 0 errors
compiling io_expander.c...
compiling lcd.c...
..\drivers\lcd.c(116): warning:  #177-D: function "dogs102_assert_reset" was declared but never referenced
  __INLINE static void dogs102_assert_reset(void)
..\drivers\lcd.c: 1 warning, 0 errors
compiling ledMatrixChars.c...
compiling spi.c...
compiling uart.c...
compiling wireless.c...
compiling timers.c...
..\drivers\timers.c(91): warning:  #1-D: last line of file ends without a newline
  }
..\drivers\timers.c: 1 warning, 0 errors
compiling pc_buffer.c...
compiling gpioPort.c...
compiling fonts.c...
assembling startup_TM4C123.s...
compiling system_TM4C123.c...
linking...
Program Size: Code=10808 RO-data=4628 RW-data=28 ZI-data=5372  
".\obj\ece353_base_project.axf" - 0 Error(s), 7 Warning(s).

<h2>Software Packages used:</h2>

Package Vendor: ARM
                http://www.keil.com/pack/ARM.CMSIS.4.1.1.pack
                ARM::CMSIS:CORE:3.30.0
                CMSIS (Cortex Microcontroller Software Interface Standard)
   * Component: CORE Version: 3.30.0

Package Vendor: Keil
                http://www.keil.com/pack/Keil.TM4C_DFP.1.0.0.pack
                Keil::Device:Startup:1.0.0
                Texas Instruments Tiva C Series Device Support and Examples
   * Component: Startup Version: 1.0.0

<h2>Collection of Component include folders:</h2>
  I:\my docs\ECE 353\final project\Project-Dist (Maze Race)\Project-Dist (Maze Race)\Project-Dist (Maze Race)\src\RTE
  C:\AppV\mdk_510\ARM\PACK\ARM\CMSIS\4.1.1\CMSIS\Include
  C:\AppV\mdk_510\ARM\PACK\Keil\TM4C_DFP\1.0.0\Device\Include\TM4C123

<h2>Collection of Component Files used:</h2>

   * Component: ARM::CMSIS:CORE:3.30.0
      Source file:   CMSIS\UserCodeTemplates\ARM\ITM_Retarget.c

   * Component: Keil::Device:Startup:1.0.0
      Include file:  Device\Include\TM4C123\TM4C123.h
      Source file:   Device\Source\ARM\startup_TM4C123.s
      Source file:   Device\Source\system_TM4C123.c
Load "I:\\my docs\\ECE 353\\final project\\Project-Dist (Maze Race)\\Project-Dist (Maze Race)\\Project-Dist (Maze Race)\\src\\obj\\ece353_base_project.axf" 
Connecting: Mode=JTAG, Speed=1000000Hz
Erase Done.
Programming Done.
Verify OK.
