Product: MDK-ARM Lite 5.10
Component: ARM Compiler 5.04 update 1 (build 49)
Tool: armlink [5040049]

==============================================================================

Section Cross References

    main.o(.text) refers to _scanf_str.o(.text) for _scanf_string
    main.o(.text) refers to boardutil.o(.text) for DisableInterrupts
    main.o(.text) refers to lcd.o(.text) for dogs102_init
    main.o(.text) refers to timers.o(.text) for configure_timer0
    main.o(.text) refers to adc.o(.text) for get_adc_values
    main.o(.text) refers to eeprom.o(.text) for eeprom_byte_read
    main.o(.text) refers to printf2.o(i.__0printf$2) for __2printf
    main.o(.text) refers to puts.o(i.puts) for puts
    main.o(.text) refers to __0scanf.o(.text) for __0scanf
    main.o(.text) refers to lcd.o(.constdata) for image
    main.o(.text) refers to main.o(.bss) for student1
    main.o(.text) refers to main.o(.data) for teamNumber
    main.o(.text) refers to lcd.o(.bss) for lcd
    boardutil.o(.text) refers to gpioport.o(.text) for gpio_enable_port
    boardutil.o(.text) refers to uart.o(.text) for uart0_init_115K
    boardutil.o(.text) refers to adc.o(.text) for initializeADC
    boardutil.o(.text) refers to spi.o(.text) for initialize_spi
    boardutil.o(.text) refers to wireless.o(.text) for wireless_set_pin_config
    boardutil.o(.text) refers to i2c.o(.text) for initializeI2CMaster
    eeprom.o(.text) refers to i2c.o(.text) for i2cVerifyBaseAddr
    interrupts.o(.text) refers to lcd.o(.text) for dogs102_clear
    interrupts.o(.text) refers to pc_buffer.o(.text) for pc_buffer_full
    interrupts.o(.text) refers to main.o(.data) for AlertSysTick
    interrupts.o(.text) refers to uart.o(.bss) for UART0_Rx_Buffer
    io_expander.o(.text) refers to i2c.o(.text) for i2cSetSlaveAddr
    lcd.o(.text) refers to spi.o(.text) for spiTx
    lcd.o(.text) refers to fonts.o(.constdata) for courierNew_10ptBitmaps
    lcd.o(.text) refers to lcd.o(.constdata) for image
    lcd.o(.text) refers to lcd.o(.bss) for lcd
    uart.o(.text) refers to pc_buffer.o(.text) for pc_buffer_init
    uart.o(.text) refers to boardutil.o(.text) for DisableInterrupts
    uart.o(.text) refers to errno.o(i.__aeabi_errno_addr) for __aeabi_errno_addr
    uart.o(.text) refers to uart.o(.bss) for UART0_Tx_Buffer_Array
    uart.o(.text) refers to stdout.o(.data) for __stdout
    uart.o(.text) refers to stdin.o(.data) for __stdin
    wireless.o(.text) refers to spi.o(.text) for spiTx
    wireless.o(.text) refers to printf2.o(i.__0printf$2) for __2printf
    wireless.o(.text) refers to wireless.o(.bss) for wirelessPinConfig
    startup_tm4c123.o(RESET) refers to startup_tm4c123.o(STACK) for __initial_sp
    startup_tm4c123.o(RESET) refers to startup_tm4c123.o(.text) for Reset_Handler
    startup_tm4c123.o(RESET) refers to interrupts.o(.text) for SysTick_Handler
    startup_tm4c123.o(.text) refers to system_tm4c123.o(.text) for SystemInit
    startup_tm4c123.o(.text) refers to entry.o(.ARM.Collect$$$$00000000) for __main
    system_tm4c123.o(.text) refers to system_tm4c123.o(.data) for SystemCoreClock
    entry.o(.ARM.Collect$$$$00000000) refers (Special) to entry10a.o(.ARM.Collect$$$$0000000D) for __rt_final_cpp
    entry.o(.ARM.Collect$$$$00000000) refers (Special) to entry11a.o(.ARM.Collect$$$$0000000F) for __rt_final_exit
    entry.o(.ARM.Collect$$$$00000000) refers (Special) to entry7b.o(.ARM.Collect$$$$00000008) for _main_clock
    entry.o(.ARM.Collect$$$$00000000) refers (Special) to entry8b.o(.ARM.Collect$$$$0000000A) for _main_cpp_init
    entry.o(.ARM.Collect$$$$00000000) refers (Special) to entry9a.o(.ARM.Collect$$$$0000000B) for _main_init
    entry.o(.ARM.Collect$$$$00000000) refers (Special) to entry5.o(.ARM.Collect$$$$00000004) for _main_scatterload
    entry.o(.ARM.Collect$$$$00000000) refers (Special) to entry2.o(.ARM.Collect$$$$00000001) for _main_stk
    puts.o(i.puts) refers to uart.o(.text) for fputc
    puts.o(i.puts) refers to stdout.o(.data) for __stdout
    puts_e.o(.text) refers to uart.o(.text) for fputc
    puts_e.o(.text) refers to stdout.o(.data) for __stdout
    printfb.o(i.__0fprintf$bare) refers to printfb.o(i._printf_core) for _printf_core
    printfb.o(i.__0fprintf$bare) refers to uart.o(.text) for fputc
    printfb.o(i.__0printf$bare) refers to printfb.o(i._printf_core) for _printf_core
    printfb.o(i.__0printf$bare) refers to uart.o(.text) for fputc
    printfb.o(i.__0printf$bare) refers to stdout.o(.data) for __stdout
    printfb.o(i.__0snprintf$bare) refers to printfb.o(i._printf_core) for _printf_core
    printfb.o(i.__0snprintf$bare) refers to printfb.o(i._snputc) for _snputc
    printfb.o(i.__0sprintf$bare) refers to printfb.o(i._printf_core) for _printf_core
    printfb.o(i.__0sprintf$bare) refers to printfb.o(i._sputc) for _sputc
    printfb.o(i.__0vfprintf$bare) refers to printfb.o(i._printf_core) for _printf_core
    printfb.o(i.__0vfprintf$bare) refers to uart.o(.text) for fputc
    printfb.o(i.__0vprintf$bare) refers to printfb.o(i._printf_core) for _printf_core
    printfb.o(i.__0vprintf$bare) refers to uart.o(.text) for fputc
    printfb.o(i.__0vprintf$bare) refers to stdout.o(.data) for __stdout
    printfb.o(i.__0vsnprintf$bare) refers to printfb.o(i._printf_core) for _printf_core
    printfb.o(i.__0vsnprintf$bare) refers to printfb.o(i._snputc) for _snputc
    printfb.o(i.__0vsprintf$bare) refers to printfb.o(i._printf_core) for _printf_core
    printfb.o(i.__0vsprintf$bare) refers to printfb.o(i._sputc) for _sputc
    printf0.o(i.__0fprintf$0) refers to printf0.o(i._printf_core) for _printf_core
    printf0.o(i.__0fprintf$0) refers to uart.o(.text) for fputc
    printf0.o(i.__0printf$0) refers to printf0.o(i._printf_core) for _printf_core
    printf0.o(i.__0printf$0) refers to uart.o(.text) for fputc
    printf0.o(i.__0printf$0) refers to stdout.o(.data) for __stdout
    printf0.o(i.__0snprintf$0) refers to printf0.o(i._printf_core) for _printf_core
    printf0.o(i.__0snprintf$0) refers to printf0.o(i._snputc) for _snputc
    printf0.o(i.__0sprintf$0) refers to printf0.o(i._printf_core) for _printf_core
    printf0.o(i.__0sprintf$0) refers to printf0.o(i._sputc) for _sputc
    printf0.o(i.__0vfprintf$0) refers to printf0.o(i._printf_core) for _printf_core
    printf0.o(i.__0vfprintf$0) refers to uart.o(.text) for fputc
    printf0.o(i.__0vprintf$0) refers to printf0.o(i._printf_core) for _printf_core
    printf0.o(i.__0vprintf$0) refers to uart.o(.text) for fputc
    printf0.o(i.__0vprintf$0) refers to stdout.o(.data) for __stdout
    printf0.o(i.__0vsnprintf$0) refers to printf0.o(i._printf_core) for _printf_core
    printf0.o(i.__0vsnprintf$0) refers to printf0.o(i._snputc) for _snputc
    printf0.o(i.__0vsprintf$0) refers to printf0.o(i._printf_core) for _printf_core
    printf0.o(i.__0vsprintf$0) refers to printf0.o(i._sputc) for _sputc
    printf1.o(i.__0fprintf$1) refers to printf1.o(i._printf_core) for _printf_core
    printf1.o(i.__0fprintf$1) refers to uart.o(.text) for fputc
    printf1.o(i.__0printf$1) refers to printf1.o(i._printf_core) for _printf_core
    printf1.o(i.__0printf$1) refers to uart.o(.text) for fputc
    printf1.o(i.__0printf$1) refers to stdout.o(.data) for __stdout
    printf1.o(i.__0snprintf$1) refers to printf1.o(i._printf_core) for _printf_core
    printf1.o(i.__0snprintf$1) refers to printf1.o(i._snputc) for _snputc
    printf1.o(i.__0sprintf$1) refers to printf1.o(i._printf_core) for _printf_core
    printf1.o(i.__0sprintf$1) refers to printf1.o(i._sputc) for _sputc
    printf1.o(i.__0vfprintf$1) refers to printf1.o(i._printf_core) for _printf_core
    printf1.o(i.__0vfprintf$1) refers to uart.o(.text) for fputc
    printf1.o(i.__0vprintf$1) refers to printf1.o(i._printf_core) for _printf_core
    printf1.o(i.__0vprintf$1) refers to uart.o(.text) for fputc
    printf1.o(i.__0vprintf$1) refers to stdout.o(.data) for __stdout
    printf1.o(i.__0vsnprintf$1) refers to printf1.o(i._printf_core) for _printf_core
    printf1.o(i.__0vsnprintf$1) refers to printf1.o(i._snputc) for _snputc
    printf1.o(i.__0vsprintf$1) refers to printf1.o(i._printf_core) for _printf_core
    printf1.o(i.__0vsprintf$1) refers to printf1.o(i._sputc) for _sputc
    printf1.o(i._printf_core) refers to uidiv.o(.text) for __aeabi_uidivmod
    printf2.o(i.__0fprintf$2) refers to printf2.o(i._printf_core) for _printf_core
    printf2.o(i.__0fprintf$2) refers to uart.o(.text) for fputc
    printf2.o(i.__0printf$2) refers to printf2.o(i._printf_core) for _printf_core
    printf2.o(i.__0printf$2) refers to uart.o(.text) for fputc
    printf2.o(i.__0printf$2) refers to stdout.o(.data) for __stdout
    printf2.o(i.__0snprintf$2) refers to printf2.o(i._printf_core) for _printf_core
    printf2.o(i.__0snprintf$2) refers to printf2.o(i._snputc) for _snputc
    printf2.o(i.__0sprintf$2) refers to printf2.o(i._printf_core) for _printf_core
    printf2.o(i.__0sprintf$2) refers to printf2.o(i._sputc) for _sputc
    printf2.o(i.__0vfprintf$2) refers to printf2.o(i._printf_core) for _printf_core
    printf2.o(i.__0vfprintf$2) refers to uart.o(.text) for fputc
    printf2.o(i.__0vprintf$2) refers to printf2.o(i._printf_core) for _printf_core
    printf2.o(i.__0vprintf$2) refers to uart.o(.text) for fputc
    printf2.o(i.__0vprintf$2) refers to stdout.o(.data) for __stdout
    printf2.o(i.__0vsnprintf$2) refers to printf2.o(i._printf_core) for _printf_core
    printf2.o(i.__0vsnprintf$2) refers to printf2.o(i._snputc) for _snputc
    printf2.o(i.__0vsprintf$2) refers to printf2.o(i._printf_core) for _printf_core
    printf2.o(i.__0vsprintf$2) refers to printf2.o(i._sputc) for _sputc
    printf3.o(i.__0fprintf$3) refers to printf3.o(i._printf_core) for _printf_core
    printf3.o(i.__0fprintf$3) refers to uart.o(.text) for fputc
    printf3.o(i.__0printf$3) refers to printf3.o(i._printf_core) for _printf_core
    printf3.o(i.__0printf$3) refers to uart.o(.text) for fputc
    printf3.o(i.__0printf$3) refers to stdout.o(.data) for __stdout
    printf3.o(i.__0snprintf$3) refers to printf3.o(i._printf_core) for _printf_core
    printf3.o(i.__0snprintf$3) refers to printf3.o(i._snputc) for _snputc
    printf3.o(i.__0sprintf$3) refers to printf3.o(i._printf_core) for _printf_core
    printf3.o(i.__0sprintf$3) refers to printf3.o(i._sputc) for _sputc
    printf3.o(i.__0vfprintf$3) refers to printf3.o(i._printf_core) for _printf_core
    printf3.o(i.__0vfprintf$3) refers to uart.o(.text) for fputc
    printf3.o(i.__0vprintf$3) refers to printf3.o(i._printf_core) for _printf_core
    printf3.o(i.__0vprintf$3) refers to uart.o(.text) for fputc
    printf3.o(i.__0vprintf$3) refers to stdout.o(.data) for __stdout
    printf3.o(i.__0vsnprintf$3) refers to printf3.o(i._printf_core) for _printf_core
    printf3.o(i.__0vsnprintf$3) refers to printf3.o(i._snputc) for _snputc
    printf3.o(i.__0vsprintf$3) refers to printf3.o(i._printf_core) for _printf_core
    printf3.o(i.__0vsprintf$3) refers to printf3.o(i._sputc) for _sputc
    printf3.o(i._printf_core) refers to uidiv.o(.text) for __aeabi_uidivmod
    printf4.o(i.__0fprintf$4) refers to printf4.o(i._printf_core) for _printf_core
    printf4.o(i.__0fprintf$4) refers to uart.o(.text) for fputc
    printf4.o(i.__0printf$4) refers to printf4.o(i._printf_core) for _printf_core
    printf4.o(i.__0printf$4) refers to uart.o(.text) for fputc
    printf4.o(i.__0printf$4) refers to stdout.o(.data) for __stdout
    printf4.o(i.__0snprintf$4) refers to printf4.o(i._printf_core) for _printf_core
    printf4.o(i.__0snprintf$4) refers to printf4.o(i._snputc) for _snputc
    printf4.o(i.__0sprintf$4) refers to printf4.o(i._printf_core) for _printf_core
    printf4.o(i.__0sprintf$4) refers to printf4.o(i._sputc) for _sputc
    printf4.o(i.__0vfprintf$4) refers to printf4.o(i._printf_core) for _printf_core
    printf4.o(i.__0vfprintf$4) refers to uart.o(.text) for fputc
    printf4.o(i.__0vprintf$4) refers to printf4.o(i._printf_core) for _printf_core
    printf4.o(i.__0vprintf$4) refers to uart.o(.text) for fputc
    printf4.o(i.__0vprintf$4) refers to stdout.o(.data) for __stdout
    printf4.o(i.__0vsnprintf$4) refers to printf4.o(i._printf_core) for _printf_core
    printf4.o(i.__0vsnprintf$4) refers to printf4.o(i._snputc) for _snputc
    printf4.o(i.__0vsprintf$4) refers to printf4.o(i._printf_core) for _printf_core
    printf4.o(i.__0vsprintf$4) refers to printf4.o(i._sputc) for _sputc
    printf4.o(i._printf_core) refers to uldiv.o(.text) for __aeabi_uldivmod
    printf5.o(i.__0fprintf$5) refers to printf5.o(i._printf_core) for _printf_core
    printf5.o(i.__0fprintf$5) refers to uart.o(.text) for fputc
    printf5.o(i.__0printf$5) refers to printf5.o(i._printf_core) for _printf_core
    printf5.o(i.__0printf$5) refers to uart.o(.text) for fputc
    printf5.o(i.__0printf$5) refers to stdout.o(.data) for __stdout
    printf5.o(i.__0snprintf$5) refers to printf5.o(i._printf_core) for _printf_core
    printf5.o(i.__0snprintf$5) refers to printf5.o(i._snputc) for _snputc
    printf5.o(i.__0sprintf$5) refers to printf5.o(i._printf_core) for _printf_core
    printf5.o(i.__0sprintf$5) refers to printf5.o(i._sputc) for _sputc
    printf5.o(i.__0vfprintf$5) refers to printf5.o(i._printf_core) for _printf_core
    printf5.o(i.__0vfprintf$5) refers to uart.o(.text) for fputc
    printf5.o(i.__0vprintf$5) refers to printf5.o(i._printf_core) for _printf_core
    printf5.o(i.__0vprintf$5) refers to uart.o(.text) for fputc
    printf5.o(i.__0vprintf$5) refers to stdout.o(.data) for __stdout
    printf5.o(i.__0vsnprintf$5) refers to printf5.o(i._printf_core) for _printf_core
    printf5.o(i.__0vsnprintf$5) refers to printf5.o(i._snputc) for _snputc
    printf5.o(i.__0vsprintf$5) refers to printf5.o(i._printf_core) for _printf_core
    printf5.o(i.__0vsprintf$5) refers to printf5.o(i._sputc) for _sputc
    printf5.o(i._printf_core) refers to uldiv.o(.text) for __aeabi_uldivmod
    printf6.o(i.__0fprintf$6) refers to printf6.o(i._printf_core) for _printf_core
    printf6.o(i.__0fprintf$6) refers to uart.o(.text) for fputc
    printf6.o(i.__0printf$6) refers to printf6.o(i._printf_core) for _printf_core
    printf6.o(i.__0printf$6) refers to uart.o(.text) for fputc
    printf6.o(i.__0printf$6) refers to stdout.o(.data) for __stdout
    printf6.o(i.__0snprintf$6) refers to printf6.o(i._printf_core) for _printf_core
    printf6.o(i.__0snprintf$6) refers to printf6.o(i._snputc) for _snputc
    printf6.o(i.__0sprintf$6) refers to printf6.o(i._printf_core) for _printf_core
    printf6.o(i.__0sprintf$6) refers to printf6.o(i._sputc) for _sputc
    printf6.o(i.__0vfprintf$6) refers to printf6.o(i._printf_core) for _printf_core
    printf6.o(i.__0vfprintf$6) refers to uart.o(.text) for fputc
    printf6.o(i.__0vprintf$6) refers to printf6.o(i._printf_core) for _printf_core
    printf6.o(i.__0vprintf$6) refers to uart.o(.text) for fputc
    printf6.o(i.__0vprintf$6) refers to stdout.o(.data) for __stdout
    printf6.o(i.__0vsnprintf$6) refers to printf6.o(i._printf_core) for _printf_core
    printf6.o(i.__0vsnprintf$6) refers to printf6.o(i._snputc) for _snputc
    printf6.o(i.__0vsprintf$6) refers to printf6.o(i._printf_core) for _printf_core
    printf6.o(i.__0vsprintf$6) refers to printf6.o(i._sputc) for _sputc
    printf6.o(i._printf_core) refers to printf6.o(i._printf_pre_padding) for _printf_pre_padding
    printf6.o(i._printf_core) refers to uidiv.o(.text) for __aeabi_uidivmod
    printf6.o(i._printf_core) refers to printf6.o(i._printf_post_padding) for _printf_post_padding
    printf7.o(i.__0fprintf$7) refers to printf7.o(i._printf_core) for _printf_core
    printf7.o(i.__0fprintf$7) refers to uart.o(.text) for fputc
    printf7.o(i.__0printf$7) refers to printf7.o(i._printf_core) for _printf_core
    printf7.o(i.__0printf$7) refers to uart.o(.text) for fputc
    printf7.o(i.__0printf$7) refers to stdout.o(.data) for __stdout
    printf7.o(i.__0snprintf$7) refers to printf7.o(i._printf_core) for _printf_core
    printf7.o(i.__0snprintf$7) refers to printf7.o(i._snputc) for _snputc
    printf7.o(i.__0sprintf$7) refers to printf7.o(i._printf_core) for _printf_core
    printf7.o(i.__0sprintf$7) refers to printf7.o(i._sputc) for _sputc
    printf7.o(i.__0vfprintf$7) refers to printf7.o(i._printf_core) for _printf_core
    printf7.o(i.__0vfprintf$7) refers to uart.o(.text) for fputc
    printf7.o(i.__0vprintf$7) refers to printf7.o(i._printf_core) for _printf_core
    printf7.o(i.__0vprintf$7) refers to uart.o(.text) for fputc
    printf7.o(i.__0vprintf$7) refers to stdout.o(.data) for __stdout
    printf7.o(i.__0vsnprintf$7) refers to printf7.o(i._printf_core) for _printf_core
    printf7.o(i.__0vsnprintf$7) refers to printf7.o(i._snputc) for _snputc
    printf7.o(i.__0vsprintf$7) refers to printf7.o(i._printf_core) for _printf_core
    printf7.o(i.__0vsprintf$7) refers to printf7.o(i._sputc) for _sputc
    printf7.o(i._printf_core) refers to printf7.o(i._printf_pre_padding) for _printf_pre_padding
    printf7.o(i._printf_core) refers to uldiv.o(.text) for __aeabi_uldivmod
    printf7.o(i._printf_core) refers to printf7.o(i._printf_post_padding) for _printf_post_padding
    printf8.o(i.__0fprintf$8) refers to printf8.o(i._printf_core) for _printf_core
    printf8.o(i.__0fprintf$8) refers to uart.o(.text) for fputc
    printf8.o(i.__0printf$8) refers to printf8.o(i._printf_core) for _printf_core
    printf8.o(i.__0printf$8) refers to uart.o(.text) for fputc
    printf8.o(i.__0printf$8) refers to stdout.o(.data) for __stdout
    printf8.o(i.__0snprintf$8) refers to printf8.o(i._printf_core) for _printf_core
    printf8.o(i.__0snprintf$8) refers to printf8.o(i._snputc) for _snputc
    printf8.o(i.__0sprintf$8) refers to printf8.o(i._printf_core) for _printf_core
    printf8.o(i.__0sprintf$8) refers to printf8.o(i._sputc) for _sputc
    printf8.o(i.__0vfprintf$8) refers to printf8.o(i._printf_core) for _printf_core
    printf8.o(i.__0vfprintf$8) refers to uart.o(.text) for fputc
    printf8.o(i.__0vprintf$8) refers to printf8.o(i._printf_core) for _printf_core
    printf8.o(i.__0vprintf$8) refers to uart.o(.text) for fputc
    printf8.o(i.__0vprintf$8) refers to stdout.o(.data) for __stdout
    printf8.o(i.__0vsnprintf$8) refers to printf8.o(i._printf_core) for _printf_core
    printf8.o(i.__0vsnprintf$8) refers to printf8.o(i._snputc) for _snputc
    printf8.o(i.__0vsprintf$8) refers to printf8.o(i._printf_core) for _printf_core
    printf8.o(i.__0vsprintf$8) refers to printf8.o(i._sputc) for _sputc
    printf8.o(i._printf_core) refers to printf8.o(i._printf_pre_padding) for _printf_pre_padding
    printf8.o(i._printf_core) refers to uldiv.o(.text) for __aeabi_uldivmod
    printf8.o(i._printf_core) refers to printf8.o(i._printf_post_padding) for _printf_post_padding
    printfa.o(i.__0fprintf) refers (Special) to iusefp.o(.text) for __I$use$fp
    printfa.o(i.__0fprintf) refers to printfa.o(i._printf_core) for _printf_core
    printfa.o(i.__0fprintf) refers to uart.o(.text) for fputc
    printfa.o(i.__0printf) refers (Special) to iusefp.o(.text) for __I$use$fp
    printfa.o(i.__0printf) refers to printfa.o(i._printf_core) for _printf_core
    printfa.o(i.__0printf) refers to uart.o(.text) for fputc
    printfa.o(i.__0printf) refers to stdout.o(.data) for __stdout
    printfa.o(i.__0snprintf) refers (Special) to iusefp.o(.text) for __I$use$fp
    printfa.o(i.__0snprintf) refers to printfa.o(i._printf_core) for _printf_core
    printfa.o(i.__0snprintf) refers to printfa.o(i._snputc) for _snputc
    printfa.o(i.__0sprintf) refers (Special) to iusefp.o(.text) for __I$use$fp
    printfa.o(i.__0sprintf) refers to printfa.o(i._printf_core) for _printf_core
    printfa.o(i.__0sprintf) refers to printfa.o(i._sputc) for _sputc
    printfa.o(i.__0vfprintf) refers (Special) to iusefp.o(.text) for __I$use$fp
    printfa.o(i.__0vfprintf) refers to printfa.o(i._printf_core) for _printf_core
    printfa.o(i.__0vfprintf) refers to uart.o(.text) for fputc
    printfa.o(i.__0vprintf) refers (Special) to iusefp.o(.text) for __I$use$fp
    printfa.o(i.__0vprintf) refers to printfa.o(i._printf_core) for _printf_core
    printfa.o(i.__0vprintf) refers to uart.o(.text) for fputc
    printfa.o(i.__0vprintf) refers to stdout.o(.data) for __stdout
    printfa.o(i.__0vsnprintf) refers (Special) to iusefp.o(.text) for __I$use$fp
    printfa.o(i.__0vsnprintf) refers to printfa.o(i._printf_core) for _printf_core
    printfa.o(i.__0vsnprintf) refers to printfa.o(i._snputc) for _snputc
    printfa.o(i.__0vsprintf) refers (Special) to iusefp.o(.text) for __I$use$fp
    printfa.o(i.__0vsprintf) refers to printfa.o(i._printf_core) for _printf_core
    printfa.o(i.__0vsprintf) refers to printfa.o(i._sputc) for _sputc
    printfa.o(i._fp_digits) refers (Special) to iusefp.o(.text) for __I$use$fp
    printfa.o(i._fp_digits) refers to dmul.o(.text) for __aeabi_dmul
    printfa.o(i._fp_digits) refers to ddiv.o(.text) for __aeabi_ddiv
    printfa.o(i._fp_digits) refers to cdrcmple.o(.text) for __aeabi_cdrcmple
    printfa.o(i._fp_digits) refers to dadd.o(.text) for __aeabi_dadd
    printfa.o(i._fp_digits) refers to dfixul.o(.text) for __aeabi_d2ulz
    printfa.o(i._fp_digits) refers to uldiv.o(.text) for __aeabi_uldivmod
    printfa.o(i._printf_core) refers (Special) to iusefp.o(.text) for __I$use$fp
    printfa.o(i._printf_core) refers to printfa.o(i._printf_pre_padding) for _printf_pre_padding
    printfa.o(i._printf_core) refers to uldiv.o(.text) for __aeabi_uldivmod
    printfa.o(i._printf_core) refers to printfa.o(i._printf_post_padding) for _printf_post_padding
    printfa.o(i._printf_core) refers to printfa.o(i._fp_digits) for _fp_digits
    printfa.o(i._printf_core) refers to uidiv.o(.text) for __aeabi_uidivmod
    printfa.o(i._printf_post_padding) refers (Special) to iusefp.o(.text) for __I$use$fp
    printfa.o(i._printf_pre_padding) refers (Special) to iusefp.o(.text) for __I$use$fp
    printfa.o(i._snputc) refers (Special) to iusefp.o(.text) for __I$use$fp
    printfa.o(i._sputc) refers (Special) to iusefp.o(.text) for __I$use$fp
    errno.o(i.__aeabi_errno_addr) refers to errno.o(.data) for .data
    errno.o(i.__read_errno) refers to errno.o(.data) for .data
    errno.o(i.__set_errno) refers to errno.o(.data) for .data
    __0scanf.o(.text) refers to scanf_char_file.o(.text) for __vfscanf_char_file
    __0scanf.o(.text) refers to stdin.o(.data) for __stdin
    entry2.o(.ARM.Collect$$$$00000001) refers to entry2.o(.ARM.Collect$$$$00002712) for __lit__00000000
    entry2.o(.ARM.Collect$$$$00002712) refers to startup_tm4c123.o(STACK) for __initial_sp
    entry2.o(__vectab_stack_and_reset_area) refers to startup_tm4c123.o(STACK) for __initial_sp
    entry2.o(__vectab_stack_and_reset_area) refers to entry.o(.ARM.Collect$$$$00000000) for __main
    entry5.o(.ARM.Collect$$$$00000004) refers to init.o(.text) for __scatterload
    entry9a.o(.ARM.Collect$$$$0000000B) refers to main.o(.text) for main
    entry9b.o(.ARM.Collect$$$$0000000C) refers to main.o(.text) for main
    uldiv.o(.text) refers to llushr.o(.text) for __aeabi_llsr
    uldiv.o(.text) refers to llshl.o(.text) for __aeabi_llsl
    scanf_char_file.o(.text) refers to scanf_char.o(.text) for __vfscanf_char
    scanf_char_file.o(.text) refers to uart.o(.text) for fgetc
    scanf_char_file.o(.text) refers to fgetc_b.o(.text) for __backspace
    dadd.o(.text) refers to llshl.o(.text) for __aeabi_llsl
    dadd.o(.text) refers to llsshr.o(.text) for __aeabi_lasr
    dadd.o(.text) refers to depilogue.o(.text) for _double_epilogue
    dmul.o(.text) refers to depilogue.o(.text) for _double_epilogue
    ddiv.o(.text) refers to depilogue.o(.text) for _double_round
    dfixul.o(.text) refers to llushr.o(.text) for __aeabi_llsr
    dfixul.o(.text) refers to llshl.o(.text) for __aeabi_llsl
    init.o(.text) refers to entry5.o(.ARM.Collect$$$$00000004) for __main_after_scatterload
    fgetc_b.o(.text) refers (Special) to iusesemig.o(.text) for __I$use$semihosting$fgetc
    fgetc_b.o(.text) refers (Special) to semi.o(.text) for __semihosting_library_function
    fgetc_b.o(.text) refers to fgetc_b.o(.data) for .data
    fgetc_b.o(.data) refers (Special) to iusesemig.o(.text) for __I$use$semihosting$fgetc
    fgetc_b.o(.data) refers (Special) to semi.o(.text) for __semihosting_library_function
    scanf_char.o(.text) refers to _scanf.o(.text) for __vfscanf
    scanf_char.o(.text) refers to isspace_c.o(.text) for isspace
    depilogue.o(.text) refers to llshl.o(.text) for __aeabi_llsl
    depilogue.o(.text) refers to llushr.o(.text) for __aeabi_llsr
    isspace_c.o(.text) refers to ctype_c.o(.text) for __ctype_lookup
    _scanf.o(.text) refers (Weak) to _scanf_str.o(.text) for _scanf_string
    ctype_c.o(.text) refers to ctype_c.o(.constdata) for .constdata


==============================================================================

Removing Unused input sections from the image.

    Removing main.o(.rev16_text), (4 bytes).
    Removing main.o(.revsh_text), (4 bytes).
    Removing boardutil.o(.rev16_text), (4 bytes).
    Removing boardutil.o(.revsh_text), (4 bytes).
    Removing adc.o(.rev16_text), (4 bytes).
    Removing adc.o(.revsh_text), (4 bytes).
    Removing eeprom.o(.rev16_text), (4 bytes).
    Removing eeprom.o(.revsh_text), (4 bytes).
    Removing i2c.o(.rev16_text), (4 bytes).
    Removing i2c.o(.revsh_text), (4 bytes).
    Removing interrupts.o(.rev16_text), (4 bytes).
    Removing interrupts.o(.revsh_text), (4 bytes).
    Removing io_expander.o(.rev16_text), (4 bytes).
    Removing io_expander.o(.revsh_text), (4 bytes).
    Removing io_expander.o(.text), (146 bytes).
    Removing lcd.o(.rev16_text), (4 bytes).
    Removing lcd.o(.revsh_text), (4 bytes).
    Removing ledmatrixchars.o(.rev16_text), (4 bytes).
    Removing ledmatrixchars.o(.revsh_text), (4 bytes).
    Removing ledmatrixchars.o(.constdata), (80 bytes).
    Removing spi.o(.rev16_text), (4 bytes).
    Removing spi.o(.revsh_text), (4 bytes).
    Removing uart.o(.rev16_text), (4 bytes).
    Removing uart.o(.revsh_text), (4 bytes).
    Removing wireless.o(.rev16_text), (4 bytes).
    Removing wireless.o(.revsh_text), (4 bytes).
    Removing timers.o(.rev16_text), (4 bytes).
    Removing timers.o(.revsh_text), (4 bytes).
    Removing gpioport.o(.rev16_text), (4 bytes).
    Removing gpioport.o(.revsh_text), (4 bytes).
    Removing startup_tm4c123.o(HEAP), (0 bytes).
    Removing system_tm4c123.o(.rev16_text), (4 bytes).
    Removing system_tm4c123.o(.revsh_text), (4 bytes).
    Removing dadd.o(.text), (334 bytes).
    Removing dmul.o(.text), (228 bytes).
    Removing ddiv.o(.text), (222 bytes).
    Removing dfixul.o(.text), (48 bytes).
    Removing cdrcmple.o(.text), (40 bytes).
    Removing depilogue.o(.text), (182 bytes).

39 unused section(s) (total 1400 bytes) removed from the image.

==============================================================================

Image Symbol Table

    Local Symbols

    Symbol Name                              Value     Ov Type        Size  Object(Section)

    RESET                                    0x00000000   Section      620  startup_tm4c123.o(RESET)
    ../clib/microlib/ctype/ctype.c           0x00000000   Number         0  isspace_c.o ABSOLUTE
    ../clib/microlib/ctype/ctype.c           0x00000000   Number         0  ctype_c.o ABSOLUTE
    ../clib/microlib/division.c              0x00000000   Number         0  uldiv.o ABSOLUTE
    ../clib/microlib/division.c              0x00000000   Number         0  uidiv.o ABSOLUTE
    ../clib/microlib/errno.c                 0x00000000   Number         0  errno.o ABSOLUTE
    ../clib/microlib/init/entry.s            0x00000000   Number         0  entry10b.o ABSOLUTE
    ../clib/microlib/init/entry.s            0x00000000   Number         0  entry11a.o ABSOLUTE
    ../clib/microlib/init/entry.s            0x00000000   Number         0  entry.o ABSOLUTE
    ../clib/microlib/init/entry.s            0x00000000   Number         0  entry2.o ABSOLUTE
    ../clib/microlib/init/entry.s            0x00000000   Number         0  entry5.o ABSOLUTE
    ../clib/microlib/init/entry.s            0x00000000   Number         0  entry7a.o ABSOLUTE
    ../clib/microlib/init/entry.s            0x00000000   Number         0  entry7b.o ABSOLUTE
    ../clib/microlib/init/entry.s            0x00000000   Number         0  entry11b.o ABSOLUTE
    ../clib/microlib/init/entry.s            0x00000000   Number         0  entry8a.o ABSOLUTE
    ../clib/microlib/init/entry.s            0x00000000   Number         0  entry8b.o ABSOLUTE
    ../clib/microlib/init/entry.s            0x00000000   Number         0  entry9a.o ABSOLUTE
    ../clib/microlib/init/entry.s            0x00000000   Number         0  entry9b.o ABSOLUTE
    ../clib/microlib/init/entry.s            0x00000000   Number         0  entry10a.o ABSOLUTE
    ../clib/microlib/longlong.c              0x00000000   Number         0  llsshr.o ABSOLUTE
    ../clib/microlib/longlong.c              0x00000000   Number         0  llushr.o ABSOLUTE
    ../clib/microlib/longlong.c              0x00000000   Number         0  llshl.o ABSOLUTE
    ../clib/microlib/printf/printf.c         0x00000000   Number         0  printfa.o ABSOLUTE
    ../clib/microlib/printf/printf.c         0x00000000   Number         0  printf8.o ABSOLUTE
    ../clib/microlib/printf/printf.c         0x00000000   Number         0  printf7.o ABSOLUTE
    ../clib/microlib/printf/printf.c         0x00000000   Number         0  printf6.o ABSOLUTE
    ../clib/microlib/printf/printf.c         0x00000000   Number         0  printf5.o ABSOLUTE
    ../clib/microlib/printf/printf.c         0x00000000   Number         0  printf4.o ABSOLUTE
    ../clib/microlib/printf/printf.c         0x00000000   Number         0  printf3.o ABSOLUTE
    ../clib/microlib/printf/printf.c         0x00000000   Number         0  printf1.o ABSOLUTE
    ../clib/microlib/printf/printf.c         0x00000000   Number         0  printf0.o ABSOLUTE
    ../clib/microlib/printf/printf.c         0x00000000   Number         0  printfb.o ABSOLUTE
    ../clib/microlib/printf/printf.c         0x00000000   Number         0  printf2.o ABSOLUTE
    ../clib/microlib/printf/stubs.s          0x00000000   Number         0  stubs.o ABSOLUTE
    ../clib/microlib/stdio/fgetc.c           0x00000000   Number         0  fgetc_b.o ABSOLUTE
    ../clib/microlib/stdio/puts.c            0x00000000   Number         0  puts.o ABSOLUTE
    ../clib/microlib/stdio/puts.c            0x00000000   Number         0  puts_e.o ABSOLUTE
    ../clib/microlib/stdio/semi.s            0x00000000   Number         0  semi.o ABSOLUTE
    ../clib/microlib/stdio/streams.c         0x00000000   Number         0  stdin.o ABSOLUTE
    ../clib/microlib/stdio/streams.c         0x00000000   Number         0  stdout.o ABSOLUTE
    ../clib/microlib/stubs.s                 0x00000000   Number         0  iusesemig.o ABSOLUTE
    ../clib/microlib/stubs.s                 0x00000000   Number         0  iusefp.o ABSOLUTE
    ../clib/scanf.c                          0x00000000   Number         0  _scanf.o ABSOLUTE
    ../clib/scanf.c                          0x00000000   Number         0  scanf_char_file.o ABSOLUTE
    ../clib/scanf.c                          0x00000000   Number         0  _scanf_str.o ABSOLUTE
    ../clib/scanf.c                          0x00000000   Number         0  scanf_char.o ABSOLUTE
    ../clib/scanf.c                          0x00000000   Number         0  __0scanf.o ABSOLUTE
    ../fplib/microlib/fpadd.c                0x00000000   Number         0  dadd.o ABSOLUTE
    ../fplib/microlib/fpdiv.c                0x00000000   Number         0  ddiv.o ABSOLUTE
    ../fplib/microlib/fpepilogue.c           0x00000000   Number         0  depilogue.o ABSOLUTE
    ../fplib/microlib/fpfix.c                0x00000000   Number         0  dfixul.o ABSOLUTE
    ../fplib/microlib/fpmul.c                0x00000000   Number         0  dmul.o ABSOLUTE
    ..\\drivers\\adc.c                       0x00000000   Number         0  adc.o ABSOLUTE
    ..\\drivers\\eeprom.c                    0x00000000   Number         0  eeprom.o ABSOLUTE
    ..\\drivers\\gpioPort.c                  0x00000000   Number         0  gpioport.o ABSOLUTE
    ..\\drivers\\i2c.c                       0x00000000   Number         0  i2c.o ABSOLUTE
    ..\\drivers\\interrupts.c                0x00000000   Number         0  interrupts.o ABSOLUTE
    ..\\drivers\\io_expander.c               0x00000000   Number         0  io_expander.o ABSOLUTE
    ..\\drivers\\lcd.c                       0x00000000   Number         0  lcd.o ABSOLUTE
    ..\\drivers\\ledMatrixChars.c            0x00000000   Number         0  ledmatrixchars.o ABSOLUTE
    ..\\drivers\\spi.c                       0x00000000   Number         0  spi.o ABSOLUTE
    ..\\drivers\\timers.c                    0x00000000   Number         0  timers.o ABSOLUTE
    ..\\drivers\\uart.c                      0x00000000   Number         0  uart.o ABSOLUTE
    ..\\drivers\\wireless.c                  0x00000000   Number         0  wireless.o ABSOLUTE
    ..\drivers\adc.c                         0x00000000   Number         0  adc.o ABSOLUTE
    ..\drivers\eeprom.c                      0x00000000   Number         0  eeprom.o ABSOLUTE
    ..\drivers\fonts.c                       0x00000000   Number         0  fonts.o ABSOLUTE
    ..\drivers\gpioPort.c                    0x00000000   Number         0  gpioport.o ABSOLUTE
    ..\drivers\i2c.c                         0x00000000   Number         0  i2c.o ABSOLUTE
    ..\drivers\interrupts.c                  0x00000000   Number         0  interrupts.o ABSOLUTE
    ..\drivers\io_expander.c                 0x00000000   Number         0  io_expander.o ABSOLUTE
    ..\drivers\lcd.c                         0x00000000   Number         0  lcd.o ABSOLUTE
    ..\drivers\ledMatrixChars.c              0x00000000   Number         0  ledmatrixchars.o ABSOLUTE
    ..\drivers\pc_buffer.c                   0x00000000   Number         0  pc_buffer.o ABSOLUTE
    ..\drivers\spi.c                         0x00000000   Number         0  spi.o ABSOLUTE
    ..\drivers\timers.c                      0x00000000   Number         0  timers.o ABSOLUTE
    ..\drivers\uart.c                        0x00000000   Number         0  uart.o ABSOLUTE
    ..\drivers\wireless.c                    0x00000000   Number         0  wireless.o ABSOLUTE
    RTE\Device\TM4C123GH6PM\startup_TM4C123.s 0x00000000   Number         0  startup_tm4c123.o ABSOLUTE
    RTE\Device\TM4C123GH6PM\system_TM4C123.c 0x00000000   Number         0  system_tm4c123.o ABSOLUTE
    RTE\\Device\\TM4C123GH6PM\\system_TM4C123.c 0x00000000   Number         0  system_tm4c123.o ABSOLUTE
    boardUtil.c                              0x00000000   Number         0  boardutil.o ABSOLUTE
    boardUtil.c                              0x00000000   Number         0  boardutil.o ABSOLUTE
    cdrcmple.s                               0x00000000   Number         0  cdrcmple.o ABSOLUTE
    dc.s                                     0x00000000   Number         0  dc.o ABSOLUTE
    handlers.s                               0x00000000   Number         0  handlers.o ABSOLUTE
    init.s                                   0x00000000   Number         0  init.o ABSOLUTE
    main.c                                   0x00000000   Number         0  main.o ABSOLUTE
    main.c                                   0x00000000   Number         0  main.o ABSOLUTE
    .ARM.Collect$$$$00000000                 0x0000026c   Section        0  entry.o(.ARM.Collect$$$$00000000)
    .ARM.Collect$$$$00000001                 0x0000026c   Section        4  entry2.o(.ARM.Collect$$$$00000001)
    .ARM.Collect$$$$00000004                 0x00000270   Section        4  entry5.o(.ARM.Collect$$$$00000004)
    .ARM.Collect$$$$00000008                 0x00000274   Section        0  entry7b.o(.ARM.Collect$$$$00000008)
    .ARM.Collect$$$$0000000A                 0x00000274   Section        0  entry8b.o(.ARM.Collect$$$$0000000A)
    .ARM.Collect$$$$0000000B                 0x00000274   Section        8  entry9a.o(.ARM.Collect$$$$0000000B)
    .ARM.Collect$$$$0000000D                 0x0000027c   Section        0  entry10a.o(.ARM.Collect$$$$0000000D)
    .ARM.Collect$$$$0000000F                 0x0000027c   Section        0  entry11a.o(.ARM.Collect$$$$0000000F)
    .ARM.Collect$$$$00002712                 0x0000027c   Section        4  entry2.o(.ARM.Collect$$$$00002712)
    __lit__00000000                          0x0000027c   Data           4  entry2.o(.ARM.Collect$$$$00002712)
    .text                                    0x00000280   Section        0  main.o(.text)
    .text                                    0x00000cc0   Section        0  boardutil.o(.text)
    .text                                    0x00000f30   Section        0  adc.o(.text)
    .text                                    0x00000fe8   Section        0  eeprom.o(.text)
    eeprom_wait_for_write                    0x00000fe9   Thumb Code    66  eeprom.o(.text)
    .text                                    0x000010d0   Section        0  i2c.o(.text)
    .text                                    0x000012d8   Section        0  interrupts.o(.text)
    .text                                    0x000013f0   Section        0  lcd.o(.text)
    dogs102_assert_cmd_mode                  0x0000174b   Thumb Code    18  lcd.o(.text)
    dogs102_deassert_cmd_mode                0x0000175d   Thumb Code    18  lcd.o(.text)
    .text                                    0x0000178c   Section        0  spi.o(.text)
    .text                                    0x00001918   Section        0  uart.o(.text)
    .text                                    0x00001a9c   Section        0  wireless.o(.text)
    wireless_reg_read                        0x00001ac3   Thumb Code    42  wireless.o(.text)
    wireless_reg_write                       0x00001aed   Thumb Code    42  wireless.o(.text)
    wireless_rx_data_payload                 0x00001b17   Thumb Code    86  wireless.o(.text)
    wireless_set_rx_addr                     0x00001b6d   Thumb Code   120  wireless.o(.text)
    wireless_flush_tx_fifo                   0x00001be5   Thumb Code    30  wireless.o(.text)
    wireless_get_status                      0x00001c03   Thumb Code    34  wireless.o(.text)
    wireless_CSN_low                         0x00001ef1   Thumb Code    20  wireless.o(.text)
    wireless_CSN_high                        0x00001f05   Thumb Code    20  wireless.o(.text)
    wireless_CE_low                          0x00001f19   Thumb Code    20  wireless.o(.text)
    wireless_CE_high                         0x00001f2d   Thumb Code    20  wireless.o(.text)
    wireless_rx_fifo_empty                   0x00001f41   Thumb Code    24  wireless.o(.text)
    wireless_status_tx_ds_asserted           0x00001f59   Thumb Code    16  wireless.o(.text)
    wireless_status_tx_full_asserted         0x00001f69   Thumb Code    16  wireless.o(.text)
    .text                                    0x00001f7c   Section        0  timers.o(.text)
    NVIC_SetPriority                         0x00001f7d   Thumb Code    32  timers.o(.text)
    NVIC_EnableIRQ                           0x0000206d   Thumb Code    22  timers.o(.text)
    .text                                    0x00002098   Section        0  pc_buffer.o(.text)
    .text                                    0x00002104   Section        0  gpioport.o(.text)
    verifyBaseAddr                           0x00002105   Thumb Code    64  gpioport.o(.text)
    .text                                    0x00002334   Section      252  startup_tm4c123.o(.text)
    $v0                                      0x00002334   Number         0  startup_tm4c123.o(.text)
    .text                                    0x00002430   Section        0  system_tm4c123.o(.text)
    getOscClk                                0x00002431   Thumb Code   182  system_tm4c123.o(.text)
    .text                                    0x00002680   Section        0  __0scanf.o(.text)
    .text                                    0x000026a0   Section        0  _scanf_str.o(.text)
    .text                                    0x0000277c   Section        0  scanf_char_file.o(.text)
    .text                                    0x00002790   Section       36  init.o(.text)
    .text                                    0x000027b4   Section        0  fgetc_b.o(.text)
    .text                                    0x000027e0   Section        0  scanf_char.o(.text)
    _scanf_char_input                        0x000027e1   Thumb Code    12  scanf_char.o(.text)
    .text                                    0x00002808   Section        0  semi.o(.text)
    .text                                    0x00002808   Section        0  isspace_c.o(.text)
    .text                                    0x00002814   Section        0  _scanf.o(.text)
    .text                                    0x00002b3c   Section        0  iusesemig.o(.text)
    .text                                    0x00002b3c   Section        0  ctype_c.o(.text)
    i.__0printf$2                            0x00002b64   Section        0  printf2.o(i.__0printf$2)
    i.__aeabi_errno_addr                     0x00002b84   Section        0  errno.o(i.__aeabi_errno_addr)
    i.__scatterload_copy                     0x00002b8c   Section       14  handlers.o(i.__scatterload_copy)
    i.__scatterload_null                     0x00002b9a   Section        2  handlers.o(i.__scatterload_null)
    i.__scatterload_zeroinit                 0x00002b9c   Section       14  handlers.o(i.__scatterload_zeroinit)
    i._printf_core                           0x00002baa   Section        0  printf2.o(i._printf_core)
    _printf_core                             0x00002bab   Thumb Code   214  printf2.o(i._printf_core)
    i.puts                                   0x00002c80   Section        0  puts.o(i.puts)
    .constdata                               0x00002ca4   Section      808  lcd.o(.constdata)
    .constdata                               0x00002fcc   Section     3101  fonts.o(.constdata)
    .constdata                               0x00003be9   Section       64  ctype_c.o(.constdata)
    .data                                    0x20000000   Section        5  main.o(.data)
    .data                                    0x20000008   Section        4  system_tm4c123.o(.data)
    .data                                    0x2000000c   Section        4  stdin.o(.data)
    .data                                    0x20000010   Section        4  stdout.o(.data)
    .data                                    0x20000014   Section        4  errno.o(.data)
    _errno                                   0x20000014   Data           4  errno.o(.data)
    .data                                    0x20000018   Section        3  fgetc_b.o(.data)
    ungetc_sp                                0x20000018   Data           1  fgetc_b.o(.data)
    ungetc_stack                             0x20000019   Data           2  fgetc_b.o(.data)
    .bss                                     0x2000001c   Section      240  main.o(.bss)
    .bss                                     0x2000010c   Section      816  lcd.o(.bss)
    .bss                                     0x2000043c   Section      192  uart.o(.bss)
    .bss                                     0x200004fc   Section       24  wireless.o(.bss)
    STACK                                    0x20000518   Section     4096  startup_tm4c123.o(STACK)

    Global Symbols

    Symbol Name                              Value     Ov Type        Size  Object(Section)

    BuildAttributes$$THM_ISAv4$E$P$D$K$B$S$7EM$VFPi3$EXTD16$VFPS$VFMA$PE$A:L22UL41UL21$X:L11$S22US41US21$IEEE1$IW$USESV6$~STKCKD$USESV7$~SHL$OSPACE$ROPI$EBA8$MICROLIB$REQ8$PRES8$EABIv2 0x00000000   Number         0  anon$$obj.o ABSOLUTE
    __ARM_use_no_argv                        0x00000000   Number         0  main.o ABSOLUTE
    __Vectors                                0x00000000   Data           4  startup_tm4c123.o(RESET)
    _printf_a                                0x00000000   Number         0  stubs.o ABSOLUTE
    _printf_c                                0x00000000   Number         0  stubs.o ABSOLUTE
    _printf_charcount                        0x00000000   Number         0  stubs.o ABSOLUTE
    _printf_d                                0x00000000   Number         0  stubs.o ABSOLUTE
    _printf_e                                0x00000000   Number         0  stubs.o ABSOLUTE
    _printf_f                                0x00000000   Number         0  stubs.o ABSOLUTE
    _printf_flags                            0x00000000   Number         0  stubs.o ABSOLUTE
    _printf_fp_dec                           0x00000000   Number         0  stubs.o ABSOLUTE
    _printf_fp_hex                           0x00000000   Number         0  stubs.o ABSOLUTE
    _printf_g                                0x00000000   Number         0  stubs.o ABSOLUTE
    _printf_i                                0x00000000   Number         0  stubs.o ABSOLUTE
    _printf_int_dec                          0x00000000   Number         0  stubs.o ABSOLUTE
    _printf_l                                0x00000000   Number         0  stubs.o ABSOLUTE
    _printf_lc                               0x00000000   Number         0  stubs.o ABSOLUTE
    _printf_ll                               0x00000000   Number         0  stubs.o ABSOLUTE
    _printf_lld                              0x00000000   Number         0  stubs.o ABSOLUTE
    _printf_lli                              0x00000000   Number         0  stubs.o ABSOLUTE
    _printf_llo                              0x00000000   Number         0  stubs.o ABSOLUTE
    _printf_llu                              0x00000000   Number         0  stubs.o ABSOLUTE
    _printf_llx                              0x00000000   Number         0  stubs.o ABSOLUTE
    _printf_longlong_dec                     0x00000000   Number         0  stubs.o ABSOLUTE
    _printf_longlong_hex                     0x00000000   Number         0  stubs.o ABSOLUTE
    _printf_longlong_oct                     0x00000000   Number         0  stubs.o ABSOLUTE
    _printf_ls                               0x00000000   Number         0  stubs.o ABSOLUTE
    _printf_mbtowc                           0x00000000   Number         0  stubs.o ABSOLUTE
    _printf_n                                0x00000000   Number         0  stubs.o ABSOLUTE
    _printf_o                                0x00000000   Number         0  stubs.o ABSOLUTE
    _printf_p                                0x00000000   Number         0  stubs.o ABSOLUTE
    _printf_percent                          0x00000000   Number         0  stubs.o ABSOLUTE
    _printf_pre_padding                      0x00000000   Number         0  stubs.o ABSOLUTE
    _printf_return_value                     0x00000000   Number         0  stubs.o ABSOLUTE
    _printf_s                                0x00000000   Number         0  stubs.o ABSOLUTE
    _printf_sizespec                         0x00000000   Number         0  stubs.o ABSOLUTE
    _printf_str                              0x00000000   Number         0  stubs.o ABSOLUTE
    _printf_truncate_signed                  0x00000000   Number         0  stubs.o ABSOLUTE
    _printf_truncate_unsigned                0x00000000   Number         0  stubs.o ABSOLUTE
    _printf_u                                0x00000000   Number         0  stubs.o ABSOLUTE
    _printf_wc                               0x00000000   Number         0  stubs.o ABSOLUTE
    _printf_wctomb                           0x00000000   Number         0  stubs.o ABSOLUTE
    _printf_widthprec                        0x00000000   Number         0  stubs.o ABSOLUTE
    _printf_x                                0x00000000   Number         0  stubs.o ABSOLUTE
    __cpp_initialize__aeabi_                  - Undefined Weak Reference
    __cxa_finalize                            - Undefined Weak Reference
    __decompress                              - Undefined Weak Reference
    _clock_init                               - Undefined Weak Reference
    _microlib_exit                            - Undefined Weak Reference
    _scanf_int                                - Undefined Weak Reference
    _scanf_longlong                           - Undefined Weak Reference
    _scanf_real                               - Undefined Weak Reference
    __Vectors_End                            0x0000026c   Data           0  startup_tm4c123.o(RESET)
    __Vectors_Size                           0x0000026c   Number         0  startup_tm4c123.o ABSOLUTE
    __main                                   0x0000026d   Thumb Code     0  entry.o(.ARM.Collect$$$$00000000)
    _main_stk                                0x0000026d   Thumb Code     0  entry2.o(.ARM.Collect$$$$00000001)
    _main_scatterload                        0x00000271   Thumb Code     0  entry5.o(.ARM.Collect$$$$00000004)
    __main_after_scatterload                 0x00000275   Thumb Code     0  entry5.o(.ARM.Collect$$$$00000004)
    _main_clock                              0x00000275   Thumb Code     0  entry7b.o(.ARM.Collect$$$$00000008)
    _main_cpp_init                           0x00000275   Thumb Code     0  entry8b.o(.ARM.Collect$$$$0000000A)
    _main_init                               0x00000275   Thumb Code     0  entry9a.o(.ARM.Collect$$$$0000000B)
    __rt_final_cpp                           0x0000027d   Thumb Code     0  entry10a.o(.ARM.Collect$$$$0000000D)
    __rt_final_exit                          0x0000027d   Thumb Code     0  entry11a.o(.ARM.Collect$$$$0000000F)
    initializeBoard                          0x00000281   Thumb Code   118  main.o(.text)
    test_adc                                 0x000002f7   Thumb Code    30  main.o(.text)
    test_lcd                                 0x00000315   Thumb Code    58  main.o(.text)
    read_EEPROM                              0x0000034f   Thumb Code    74  main.o(.text)
    write_EEPROM                             0x00000399   Thumb Code    76  main.o(.text)
    main                                     0x000003e5   Thumb Code  2262  main.o(.text)
    DisableInterrupts                        0x00000cc1   Thumb Code     4  boardutil.o(.text)
    EnableInterrupts                         0x00000cc5   Thumb Code     4  boardutil.o(.text)
    uart0_config_gpio                        0x00000cc9   Thumb Code    42  boardutil.o(.text)
    serialDebugInit                          0x00000cf3   Thumb Code    12  boardutil.o(.text)
    gpio_init                                0x00000cff   Thumb Code    92  boardutil.o(.text)
    lcd_init                                 0x00000d5b   Thumb Code   168  boardutil.o(.text)
    rf_init                                  0x00000e03   Thumb Code   170  boardutil.o(.text)
    i2cInit                                  0x00000ead   Thumb Code    92  boardutil.o(.text)
    initializeADC                            0x00000f31   Thumb Code    96  adc.o(.text)
    get_adc_values                           0x00000f91   Thumb Code    72  adc.o(.text)
    eeprom_byte_write                        0x0000102b   Thumb Code    76  eeprom.o(.text)
    eeprom_byte_read                         0x00001077   Thumb Code    88  eeprom.o(.text)
    initializeI2CMaster                      0x000010d1   Thumb Code   160  i2c.o(.text)
    i2cVerifyBaseAddr                        0x00001171   Thumb Code    36  i2c.o(.text)
    i2cSetSlaveAddr                          0x00001195   Thumb Code    30  i2c.o(.text)
    i2cStop                                  0x000011b3   Thumb Code    26  i2c.o(.text)
    I2CMasterBusy                            0x000011cd   Thumb Code    34  i2c.o(.text)
    I2CMasterAdrAck                          0x000011ef   Thumb Code    34  i2c.o(.text)
    I2CMasterDatAck                          0x00001211   Thumb Code    34  i2c.o(.text)
    i2cSendByte                              0x00001233   Thumb Code    82  i2c.o(.text)
    i2cGetByte                               0x00001285   Thumb Code    60  i2c.o(.text)
    SysTick_Handler                          0x000012d9   Thumb Code    14  interrupts.o(.text)
    WDT0_Handler                             0x000012e7   Thumb Code    46  interrupts.o(.text)
    UART0_Handler                            0x00001315   Thumb Code   148  interrupts.o(.text)
    TIMER0A_Handler                          0x000013a9   Thumb Code    12  interrupts.o(.text)
    GPIOD_Handler                            0x000013b5   Thumb Code    22  interrupts.o(.text)
    dogs102_set_page                         0x000013f1   Thumb Code    36  lcd.o(.text)
    dogs102_set_column                       0x00001415   Thumb Code    52  lcd.o(.text)
    dogs102_write_data                       0x00001449   Thumb Code    24  lcd.o(.text)
    dogs102_write_char_10pts                 0x00001461   Thumb Code   186  lcd.o(.text)
    dogs102_clear                            0x0000151b   Thumb Code    46  lcd.o(.text)
    dogs102_init                             0x00001549   Thumb Code   238  lcd.o(.text)
    dogs102_write_string                     0x00001637   Thumb Code    28  lcd.o(.text)
    get_data                                 0x00001653   Thumb Code    40  lcd.o(.text)
    print_lcd                                0x0000167b   Thumb Code   208  lcd.o(.text)
    spiVerifyBaseAddr                        0x0000178d   Thumb Code    34  spi.o(.text)
    initialize_spi                           0x000017af   Thumb Code   244  spi.o(.text)
    spiTx                                    0x000018a3   Thumb Code    94  spi.o(.text)
    uart0_init_115K                          0x00001919   Thumb Code   146  uart.o(.text)
    uartRx                                   0x000019ab   Thumb Code    42  uart.o(.text)
    uartTx                                   0x000019d5   Thumb Code    62  uart.o(.text)
    fputc                                    0x00001a13   Thumb Code    44  uart.o(.text)
    fgetc                                    0x00001a3f   Thumb Code    48  uart.o(.text)
    wait_uS_15                               0x00001a9d   Thumb Code    14  wireless.o(.text)
    wireless_set_pin_config                  0x00001aab   Thumb Code    24  wireless.o(.text)
    wireless_send_32                         0x00001c25   Thumb Code   314  wireless.o(.text)
    wireless_get_32                          0x00001d5f   Thumb Code   132  wireless.o(.text)
    wireless_configure_device                0x00001de3   Thumb Code   270  wireless.o(.text)
    configure_timer0                         0x00001f9d   Thumb Code    58  timers.o(.text)
    start_timer0A                            0x00001fd7   Thumb Code    44  timers.o(.text)
    stop_timer0A                             0x00002003   Thumb Code    14  timers.o(.text)
    watchdogInit                             0x00002011   Thumb Code    66  timers.o(.text)
    watchdogStop                             0x00002053   Thumb Code    18  timers.o(.text)
    watchdogStart                            0x00002065   Thumb Code     8  timers.o(.text)
    pc_buffer_init                           0x00002099   Thumb Code    12  pc_buffer.o(.text)
    pc_buffer_add                            0x000020a5   Thumb Code    26  pc_buffer.o(.text)
    pc_buffer_remove                         0x000020bf   Thumb Code    28  pc_buffer.o(.text)
    pc_buffer_empty                          0x000020db   Thumb Code    18  pc_buffer.o(.text)
    pc_buffer_full                           0x000020ed   Thumb Code    22  pc_buffer.o(.text)
    gpio_enable_port                         0x00002145   Thumb Code   156  gpioport.o(.text)
    gpio_config_digital_enable               0x000021e1   Thumb Code    34  gpioport.o(.text)
    gpio_config_enable_output                0x00002203   Thumb Code    34  gpioport.o(.text)
    gpio_config_enable_input                 0x00002225   Thumb Code    34  gpioport.o(.text)
    gpio_config_enable_pullup                0x00002247   Thumb Code    34  gpioport.o(.text)
    gpio_config_enable_pulldown              0x00002269   Thumb Code    34  gpioport.o(.text)
    gpio_config_analog_enable                0x0000228b   Thumb Code    34  gpioport.o(.text)
    gpio_config_alternate_function           0x000022ad   Thumb Code    34  gpioport.o(.text)
    gpio_config_port_control                 0x000022cf   Thumb Code    34  gpioport.o(.text)
    gpio_config_open_drain                   0x000022f1   Thumb Code    34  gpioport.o(.text)
    Reset_Handler                            0x00002335   Thumb Code     8  startup_tm4c123.o(.text)
    NMI_Handler                              0x0000233d   Thumb Code     2  startup_tm4c123.o(.text)
    HardFault_Handler                        0x0000233f   Thumb Code     2  startup_tm4c123.o(.text)
    MemManage_Handler                        0x00002341   Thumb Code     2  startup_tm4c123.o(.text)
    BusFault_Handler                         0x00002343   Thumb Code     2  startup_tm4c123.o(.text)
    UsageFault_Handler                       0x00002345   Thumb Code     2  startup_tm4c123.o(.text)
    SVC_Handler                              0x00002347   Thumb Code     2  startup_tm4c123.o(.text)
    DebugMon_Handler                         0x00002349   Thumb Code     2  startup_tm4c123.o(.text)
    PendSV_Handler                           0x0000234b   Thumb Code     2  startup_tm4c123.o(.text)
    GPIOA_Handler                            0x0000234f   Thumb Code     2  startup_tm4c123.o(.text)
    GPIOB_Handler                            0x00002351   Thumb Code     2  startup_tm4c123.o(.text)
    GPIOC_Handler                            0x00002353   Thumb Code     2  startup_tm4c123.o(.text)
    GPIOE_Handler                            0x00002357   Thumb Code     2  startup_tm4c123.o(.text)
    UART1_Handler                            0x0000235b   Thumb Code     2  startup_tm4c123.o(.text)
    SSI0_Handler                             0x0000235d   Thumb Code     2  startup_tm4c123.o(.text)
    I2C0_Handler                             0x0000235f   Thumb Code     2  startup_tm4c123.o(.text)
    PMW0_FAULT_Handler                       0x00002361   Thumb Code     2  startup_tm4c123.o(.text)
    PWM0_0_Handler                           0x00002363   Thumb Code     2  startup_tm4c123.o(.text)
    PWM0_1_Handler                           0x00002365   Thumb Code     2  startup_tm4c123.o(.text)
    PWM0_2_Handler                           0x00002367   Thumb Code     2  startup_tm4c123.o(.text)
    QEI0_Handler                             0x00002369   Thumb Code     2  startup_tm4c123.o(.text)
    ADC0SS0_Handler                          0x0000236b   Thumb Code     2  startup_tm4c123.o(.text)
    ADC0SS1_Handler                          0x0000236d   Thumb Code     2  startup_tm4c123.o(.text)
    ADC0SS2_Handler                          0x0000236f   Thumb Code     2  startup_tm4c123.o(.text)
    ADC0SS3_Handler                          0x00002371   Thumb Code     2  startup_tm4c123.o(.text)
    TIMER0B_Handler                          0x00002377   Thumb Code     2  startup_tm4c123.o(.text)
    TIMER1A_Handler                          0x00002379   Thumb Code     2  startup_tm4c123.o(.text)
    TIMER1B_Handler                          0x0000237b   Thumb Code     2  startup_tm4c123.o(.text)
    TIMER2A_Handler                          0x0000237d   Thumb Code     2  startup_tm4c123.o(.text)
    TIMER2B_Handler                          0x0000237f   Thumb Code     2  startup_tm4c123.o(.text)
    COMP0_Handler                            0x00002381   Thumb Code     2  startup_tm4c123.o(.text)
    COMP1_Handler                            0x00002383   Thumb Code     2  startup_tm4c123.o(.text)
    COMP2_Handler                            0x00002385   Thumb Code     2  startup_tm4c123.o(.text)
    SYSCTL_Handler                           0x00002387   Thumb Code     2  startup_tm4c123.o(.text)
    FLASH_Handler                            0x00002389   Thumb Code     2  startup_tm4c123.o(.text)
    GPIOF_Handler                            0x0000238b   Thumb Code     2  startup_tm4c123.o(.text)
    GPIOG_Handler                            0x0000238d   Thumb Code     2  startup_tm4c123.o(.text)
    GPIOH_Handler                            0x0000238f   Thumb Code     2  startup_tm4c123.o(.text)
    UART2_Handler                            0x00002391   Thumb Code     2  startup_tm4c123.o(.text)
    SSI1_Handler                             0x00002393   Thumb Code     2  startup_tm4c123.o(.text)
    TIMER3A_Handler                          0x00002395   Thumb Code     2  startup_tm4c123.o(.text)
    TIMER3B_Handler                          0x00002397   Thumb Code     2  startup_tm4c123.o(.text)
    I2C1_Handler                             0x00002399   Thumb Code     2  startup_tm4c123.o(.text)
    QEI1_Handler                             0x0000239b   Thumb Code     2  startup_tm4c123.o(.text)
    CAN0_Handler                             0x0000239d   Thumb Code     2  startup_tm4c123.o(.text)
    CAN1_Handler                             0x0000239f   Thumb Code     2  startup_tm4c123.o(.text)
    CAN2_Handler                             0x000023a1   Thumb Code     2  startup_tm4c123.o(.text)
    HIB_Handler                              0x000023a3   Thumb Code     2  startup_tm4c123.o(.text)
    USB0_Handler                             0x000023a5   Thumb Code     2  startup_tm4c123.o(.text)
    PWM0_3_Handler                           0x000023a7   Thumb Code     2  startup_tm4c123.o(.text)
    UDMA_Handler                             0x000023a9   Thumb Code     2  startup_tm4c123.o(.text)
    UDMAERR_Handler                          0x000023ab   Thumb Code     2  startup_tm4c123.o(.text)
    ADC1SS0_Handler                          0x000023ad   Thumb Code     2  startup_tm4c123.o(.text)
    ADC1SS1_Handler                          0x000023af   Thumb Code     2  startup_tm4c123.o(.text)
    ADC1SS2_Handler                          0x000023b1   Thumb Code     2  startup_tm4c123.o(.text)
    ADC1SS3_Handler                          0x000023b3   Thumb Code     2  startup_tm4c123.o(.text)
    GPIOJ_Handler                            0x000023b5   Thumb Code     2  startup_tm4c123.o(.text)
    GPIOK_Handler                            0x000023b7   Thumb Code     2  startup_tm4c123.o(.text)
    GPIOL_Handler                            0x000023b9   Thumb Code     2  startup_tm4c123.o(.text)
    SSI2_Handler                             0x000023bb   Thumb Code     2  startup_tm4c123.o(.text)
    SSI3_Handler                             0x000023bd   Thumb Code     2  startup_tm4c123.o(.text)
    UART3_Handler                            0x000023bf   Thumb Code     2  startup_tm4c123.o(.text)
    UART4_Handler                            0x000023c1   Thumb Code     2  startup_tm4c123.o(.text)
    UART5_Handler                            0x000023c3   Thumb Code     2  startup_tm4c123.o(.text)
    UART6_Handler                            0x000023c5   Thumb Code     2  startup_tm4c123.o(.text)
    UART7_Handler                            0x000023c7   Thumb Code     2  startup_tm4c123.o(.text)
    I2C2_Handler                             0x000023c9   Thumb Code     2  startup_tm4c123.o(.text)
    I2C3_Handler                             0x000023cb   Thumb Code     2  startup_tm4c123.o(.text)
    TIMER4A_Handler                          0x000023cd   Thumb Code     2  startup_tm4c123.o(.text)
    TIMER4B_Handler                          0x000023cf   Thumb Code     2  startup_tm4c123.o(.text)
    TIMER5A_Handler                          0x000023d1   Thumb Code     2  startup_tm4c123.o(.text)
    TIMER5B_Handler                          0x000023d3   Thumb Code     2  startup_tm4c123.o(.text)
    WTIMER0A_Handler                         0x000023d5   Thumb Code     2  startup_tm4c123.o(.text)
    WTIMER0B_Handler                         0x000023d7   Thumb Code     2  startup_tm4c123.o(.text)
    WTIMER1A_Handler                         0x000023d9   Thumb Code     2  startup_tm4c123.o(.text)
    WTIMER1B_Handler                         0x000023db   Thumb Code     2  startup_tm4c123.o(.text)
    WTIMER2A_Handler                         0x000023dd   Thumb Code     2  startup_tm4c123.o(.text)
    WTIMER2B_Handler                         0x000023df   Thumb Code     2  startup_tm4c123.o(.text)
    WTIMER3A_Handler                         0x000023e1   Thumb Code     2  startup_tm4c123.o(.text)
    WTIMER3B_Handler                         0x000023e3   Thumb Code     2  startup_tm4c123.o(.text)
    WTIMER4A_Handler                         0x000023e5   Thumb Code     2  startup_tm4c123.o(.text)
    WTIMER4B_Handler                         0x000023e7   Thumb Code     2  startup_tm4c123.o(.text)
    WTIMER5A_Handler                         0x000023e9   Thumb Code     2  startup_tm4c123.o(.text)
    WTIMER5B_Handler                         0x000023eb   Thumb Code     2  startup_tm4c123.o(.text)
    FPU_Handler                              0x000023ed   Thumb Code     2  startup_tm4c123.o(.text)
    I2C4_Handler                             0x000023ef   Thumb Code     2  startup_tm4c123.o(.text)
    I2C5_Handler                             0x000023f1   Thumb Code     2  startup_tm4c123.o(.text)
    GPIOM_Handler                            0x000023f3   Thumb Code     2  startup_tm4c123.o(.text)
    GPION_Handler                            0x000023f5   Thumb Code     2  startup_tm4c123.o(.text)
    QEI2_Handler                             0x000023f7   Thumb Code     2  startup_tm4c123.o(.text)
    GPIOP0_Handler                           0x000023f9   Thumb Code     2  startup_tm4c123.o(.text)
    GPIOP1_Handler                           0x000023fb   Thumb Code     2  startup_tm4c123.o(.text)
    GPIOP2_Handler                           0x000023fd   Thumb Code     2  startup_tm4c123.o(.text)
    GPIOP3_Handler                           0x000023ff   Thumb Code     2  startup_tm4c123.o(.text)
    GPIOP4_Handler                           0x00002401   Thumb Code     2  startup_tm4c123.o(.text)
    GPIOP5_Handler                           0x00002403   Thumb Code     2  startup_tm4c123.o(.text)
    GPIOP6_Handler                           0x00002405   Thumb Code     2  startup_tm4c123.o(.text)
    GPIOP7_Handler                           0x00002407   Thumb Code     2  startup_tm4c123.o(.text)
    GPIOQ0_Handler                           0x00002409   Thumb Code     2  startup_tm4c123.o(.text)
    GPIOQ1_Handler                           0x0000240b   Thumb Code     2  startup_tm4c123.o(.text)
    GPIOQ2_Handler                           0x0000240d   Thumb Code     2  startup_tm4c123.o(.text)
    GPIOQ3_Handler                           0x0000240f   Thumb Code     2  startup_tm4c123.o(.text)
    GPIOQ4_Handler                           0x00002411   Thumb Code     2  startup_tm4c123.o(.text)
    GPIOQ5_Handler                           0x00002413   Thumb Code     2  startup_tm4c123.o(.text)
    GPIOQ6_Handler                           0x00002415   Thumb Code     2  startup_tm4c123.o(.text)
    GPIOQ7_Handler                           0x00002417   Thumb Code     2  startup_tm4c123.o(.text)
    GPIOR_Handler                            0x00002419   Thumb Code     2  startup_tm4c123.o(.text)
    GPIOS_Handler                            0x0000241b   Thumb Code     2  startup_tm4c123.o(.text)
    PMW1_0_Handler                           0x0000241d   Thumb Code     2  startup_tm4c123.o(.text)
    PWM1_1_Handler                           0x0000241f   Thumb Code     2  startup_tm4c123.o(.text)
    PWM1_2_Handler                           0x00002421   Thumb Code     2  startup_tm4c123.o(.text)
    PWM1_3_Handler                           0x00002423   Thumb Code     2  startup_tm4c123.o(.text)
    PWM1_FAULT_Handler                       0x00002425   Thumb Code     2  startup_tm4c123.o(.text)
    SystemCoreClockUpdate                    0x000024e7   Thumb Code   184  system_tm4c123.o(.text)
    SystemInit                               0x0000259f   Thumb Code   112  system_tm4c123.o(.text)
    __0scanf                                 0x00002681   Thumb Code    26  __0scanf.o(.text)
    _scanf_string                            0x000026a1   Thumb Code   218  _scanf_str.o(.text)
    __vfscanf_char_file                      0x0000277d   Thumb Code    12  scanf_char_file.o(.text)
    __scatterload                            0x00002791   Thumb Code    28  init.o(.text)
    __scatterload_rt2                        0x00002791   Thumb Code     0  init.o(.text)
    _fgetc$bs                                0x000027b5   Thumb Code    28  fgetc_b.o(.text)
    __backspace                              0x000027d1   Thumb Code    10  fgetc_b.o(.text)
    __vfscanf_char                           0x000027ed   Thumb Code    20  scanf_char.o(.text)
    __semihosting_library_function           0x00002809   Thumb Code     0  semi.o(.text)
    isspace                                  0x00002809   Thumb Code    10  isspace_c.o(.text)
    __vfscanf                                0x00002815   Thumb Code   802  _scanf.o(.text)
    __I$use$semihosting$fgetc                0x00002b3d   Thumb Code     0  iusesemig.o(.text)
    __ctype_lookup                           0x00002b3d   Thumb Code    34  ctype_c.o(.text)
    __0printf$2                              0x00002b65   Thumb Code    22  printf2.o(i.__0printf$2)
    __1printf$2                              0x00002b65   Thumb Code     0  printf2.o(i.__0printf$2)
    __2printf                                0x00002b65   Thumb Code     0  printf2.o(i.__0printf$2)
    __aeabi_errno_addr                       0x00002b85   Thumb Code     4  errno.o(i.__aeabi_errno_addr)
    __rt_errno_addr                          0x00002b85   Thumb Code     0  errno.o(i.__aeabi_errno_addr)
    __scatterload_copy                       0x00002b8d   Thumb Code    14  handlers.o(i.__scatterload_copy)
    __scatterload_null                       0x00002b9b   Thumb Code     2  handlers.o(i.__scatterload_null)
    __scatterload_zeroinit                   0x00002b9d   Thumb Code    14  handlers.o(i.__scatterload_zeroinit)
    puts                                     0x00002c81   Thumb Code    30  puts.o(i.puts)
    image                                    0x00002ca4   Data         808  lcd.o(.constdata)
    arialNarrow_8ptBitmaps                   0x00002fcc   Data          50  fonts.o(.constdata)
    courierNew_10ptBitmaps                   0x00002ffe   Data        1900  fonts.o(.constdata)
    buckyBadger                              0x0000376a   Data         759  fonts.o(.constdata)
    motionW                                  0x00003a61   Data         392  fonts.o(.constdata)
    __ctype_categories                       0x00003be9   Data          64  ctype_c.o(.constdata)
    Region$$Table$$Base                      0x00003c2c   Number         0  anon$$obj.o(Region$$Table)
    Region$$Table$$Limit                     0x00003c4c   Number         0  anon$$obj.o(Region$$Table)
    AlertSysTick                             0x20000000   Data           1  main.o(.data)
    AlertTimer0                              0x20000001   Data           1  main.o(.data)
    teamNumber                               0x20000002   Data           3  main.o(.data)
    SystemCoreClock                          0x20000008   Data           4  system_tm4c123.o(.data)
    __stdin                                  0x2000000c   Data           4  stdin.o(.data)
    __stdout                                 0x20000010   Data           4  stdout.o(.data)
    student1                                 0x2000001c   Data          80  main.o(.bss)
    student2                                 0x2000006c   Data          80  main.o(.bss)
    input                                    0x200000bc   Data          80  main.o(.bss)
    lcd                                      0x2000010c   Data         816  lcd.o(.bss)
    UART0_Rx_Buffer                          0x2000043c   Data          16  uart.o(.bss)
    UART0_Rx_Buffer_Array                    0x2000044c   Data          80  uart.o(.bss)
    UART0_Tx_Buffer                          0x2000049c   Data          16  uart.o(.bss)
    UART0_Tx_Buffer_Array                    0x200004ac   Data          80  uart.o(.bss)
    wirelessPinConfig                        0x200004fc   Data          24  wireless.o(.bss)
    __initial_sp                             0x20001518   Data           0  startup_tm4c123.o(STACK)



==============================================================================

Memory Map of the image

  Image Entry point : 0x00002335

  Load Region LR_1 (Base: 0x00000000, Size: 0x00003c68, Max: 0xffffffff, ABSOLUTE)

    Execution Region ER_RO (Base: 0x00000000, Size: 0x00003c4c, Max: 0xffffffff, ABSOLUTE)

    Base Addr    Size         Type   Attr      Idx    E Section Name        Object

    0x00000000   0x0000026c   Data   RO          457    RESET               startup_tm4c123.o
    0x0000026c   0x00000000   Code   RO          488  * .ARM.Collect$$$$00000000  mc_w.l(entry.o)
    0x0000026c   0x00000004   Code   RO          769    .ARM.Collect$$$$00000001  mc_w.l(entry2.o)
    0x00000270   0x00000004   Code   RO          772    .ARM.Collect$$$$00000004  mc_w.l(entry5.o)
    0x00000274   0x00000000   Code   RO          774    .ARM.Collect$$$$00000008  mc_w.l(entry7b.o)
    0x00000274   0x00000000   Code   RO          776    .ARM.Collect$$$$0000000A  mc_w.l(entry8b.o)
    0x00000274   0x00000008   Code   RO          777    .ARM.Collect$$$$0000000B  mc_w.l(entry9a.o)
    0x0000027c   0x00000000   Code   RO          779    .ARM.Collect$$$$0000000D  mc_w.l(entry10a.o)
    0x0000027c   0x00000000   Code   RO          781    .ARM.Collect$$$$0000000F  mc_w.l(entry11a.o)
    0x0000027c   0x00000004   Code   RO          770    .ARM.Collect$$$$00002712  mc_w.l(entry2.o)
    0x00000280   0x00000a40   Code   RO            3    .text               main.o
    0x00000cc0   0x00000270   Code   RO          117    .text               boardutil.o
    0x00000f30   0x000000b8   Code   RO          141    .text               adc.o
    0x00000fe8   0x000000e6   Code   RO          164    .text               eeprom.o
    0x000010ce   0x00000002   PAD
    0x000010d0   0x00000208   Code   RO          184    .text               i2c.o
    0x000012d8   0x00000118   Code   RO          204    .text               interrupts.o
    0x000013f0   0x0000039c   Code   RO          257    .text               lcd.o
    0x0000178c   0x0000018c   Code   RO          310    .text               spi.o
    0x00001918   0x00000184   Code   RO          330    .text               uart.o
    0x00001a9c   0x000004e0   Code   RO          357    .text               wireless.o
    0x00001f7c   0x0000011c   Code   RO          380    .text               timers.o
    0x00002098   0x0000006a   Code   RO          405    .text               pc_buffer.o
    0x00002102   0x00000002   PAD
    0x00002104   0x00000230   Code   RO          419    .text               gpioport.o
    0x00002334   0x000000fc   Code   RO          458  * .text               startup_tm4c123.o
    0x00002430   0x00000250   Code   RO          464    .text               system_tm4c123.o
    0x00002680   0x00000020   Code   RO          765    .text               mc_w.l(__0scanf.o)
    0x000026a0   0x000000da   Code   RO          767    .text               mc_w.l(_scanf_str.o)
    0x0000277a   0x00000002   PAD
    0x0000277c   0x00000014   Code   RO          787    .text               mc_w.l(scanf_char_file.o)
    0x00002790   0x00000024   Code   RO          800    .text               mc_w.l(init.o)
    0x000027b4   0x0000002c   Code   RO          802    .text               mc_w.l(fgetc_b.o)
    0x000027e0   0x00000028   Code   RO          811    .text               mc_w.l(scanf_char.o)
    0x00002808   0x00000000   Code   RO          815    .text               mc_w.l(semi.o)
    0x00002808   0x0000000a   Code   RO          816    .text               mc_w.l(isspace_c.o)
    0x00002812   0x00000002   PAD
    0x00002814   0x00000328   Code   RO          818    .text               mc_w.l(_scanf.o)
    0x00002b3c   0x00000000   Code   RO          820    .text               mc_w.l(iusesemig.o)
    0x00002b3c   0x00000028   Code   RO          821    .text               mc_w.l(ctype_c.o)
    0x00002b64   0x00000020   Code   RO          564    i.__0printf$2       mc_w.l(printf2.o)
    0x00002b84   0x00000008   Code   RO          758    i.__aeabi_errno_addr  mc_w.l(errno.o)
    0x00002b8c   0x0000000e   Code   RO          826    i.__scatterload_copy  mc_w.l(handlers.o)
    0x00002b9a   0x00000002   Code   RO          827    i.__scatterload_null  mc_w.l(handlers.o)
    0x00002b9c   0x0000000e   Code   RO          828    i.__scatterload_zeroinit  mc_w.l(handlers.o)
    0x00002baa   0x000000d6   Code   RO          571    i._printf_core      mc_w.l(printf2.o)
    0x00002c80   0x00000024   Code   RO          491    i.puts              mc_w.l(puts.o)
    0x00002ca4   0x00000328   Data   RO          259    .constdata          lcd.o
    0x00002fcc   0x00000c1d   Data   RO          443    .constdata          fonts.o
    0x00003be9   0x00000040   Data   RO          822    .constdata          mc_w.l(ctype_c.o)
    0x00003c29   0x00000003   PAD
    0x00003c2c   0x00000020   Data   RO          824    Region$$Table       anon$$obj.o


    Execution Region ER_RW (Base: 0x20000000, Size: 0x0000001c, Max: 0xffffffff, ABSOLUTE)

    Base Addr    Size         Type   Attr      Idx    E Section Name        Object

    0x20000000   0x00000005   Data   RW            5    .data               main.o
    0x20000005   0x00000003   PAD
    0x20000008   0x00000004   Data   RW          465    .data               system_tm4c123.o
    0x2000000c   0x00000004   Data   RW          495    .data               mc_w.l(stdin.o)
    0x20000010   0x00000004   Data   RW          496    .data               mc_w.l(stdout.o)
    0x20000014   0x00000004   Data   RW          761    .data               mc_w.l(errno.o)
    0x20000018   0x00000003   Data   RW          803    .data               mc_w.l(fgetc_b.o)


    Execution Region ER_ZI (Base: 0x2000001c, Size: 0x000014fc, Max: 0xffffffff, ABSOLUTE)

    Base Addr    Size         Type   Attr      Idx    E Section Name        Object

    0x2000001c   0x000000f0   Zero   RW            4    .bss                main.o
    0x2000010c   0x00000330   Zero   RW          258    .bss                lcd.o
    0x2000043c   0x000000c0   Zero   RW          331    .bss                uart.o
    0x200004fc   0x00000018   Zero   RW          358    .bss                wireless.o
    0x20000514   0x00000004   PAD
    0x20000518   0x00001000   Zero   RW          455    STACK               startup_tm4c123.o


==============================================================================

Image component sizes


      Code (inc. data)   RO Data    RW Data    ZI Data      Debug   Object Name

       184         16          0          0          0       1539   adc.o
       624         40          0          0          0       1614   boardutil.o
       230          0          0          0          0       1685   eeprom.o
         0          0       3101          0          0        808   fonts.o
       560         34          0          0          0       4360   gpioport.o
       520         24          0          0          0       3633   i2c.o
       280         38          0          0          0       7478   interrupts.o
       924         30        808          0        816       4673   lcd.o
      2624        716          0          5        240      63277   main.o
       106          0          0          0          0       1899   pc_buffer.o
       396         24          0          0          0       1929   spi.o
       252         10        620          0       4096       5496   startup_tm4c123.o
       592        138          0          4          0       1653   system_tm4c123.o
       284         22          0          0          0      28165   timers.o
       388         46          0          0        192      29157   uart.o
      1248         46          0          0         24       7292   wireless.o

    ----------------------------------------------------------------------
      9216       1184       4561         12       5372     164658   Object Totals
         0          0         32          0          0          0   (incl. Generated)
         4          0          0          3          4          0   (incl. Padding)

    ----------------------------------------------------------------------

      Code (inc. data)   RO Data    RW Data    ZI Data      Debug   Library Member Name

        32          6          0          0          0         84   __0scanf.o
       808          6          0          0          0        112   _scanf.o
       218          0          0          0          0         96   _scanf_str.o
        40          6         64          0          0         68   ctype_c.o
         0          0          0          0          0          0   entry.o
         0          0          0          0          0          0   entry10a.o
         0          0          0          0          0          0   entry11a.o
         8          4          0          0          0          0   entry2.o
         4          0          0          0          0          0   entry5.o
         0          0          0          0          0          0   entry7b.o
         0          0          0          0          0          0   entry8b.o
         8          4          0          0          0          0   entry9a.o
         8          4          0          4          0         68   errno.o
        44          6          0          3          0        144   fgetc_b.o
        30          0          0          0          0          0   handlers.o
        36          8          0          0          0         68   init.o
        10          0          0          0          0         68   isspace_c.o
         0          0          0          0          0          0   iusesemig.o
       246         10          0          0          0        176   printf2.o
        36          6          0          0          0         80   puts.o
        40          8          0          0          0         84   scanf_char.o
        20          8          0          0          0         68   scanf_char_file.o
         0          0          0          0          0          0   semi.o
         0          0          0          4          0          0   stdin.o
         0          0          0          4          0          0   stdout.o

    ----------------------------------------------------------------------
      1592         76         67         16          0       1116   Library Totals
         4          0          3          1          0          0   (incl. Padding)

    ----------------------------------------------------------------------

      Code (inc. data)   RO Data    RW Data    ZI Data      Debug   Library Name

      1588         76         64         15          0       1116   mc_w.l

    ----------------------------------------------------------------------
      1592         76         67         16          0       1116   Library Totals

    ----------------------------------------------------------------------

==============================================================================


      Code (inc. data)   RO Data    RW Data    ZI Data      Debug   

     10808       1260       4628         28       5372     163358   Grand Totals
     10808       1260       4628         28       5372     163358   ELF Image Totals
     10808       1260       4628         28          0          0   ROM Totals

==============================================================================

    Total RO  Size (Code + RO Data)                15436 (  15.07kB)
    Total RW  Size (RW Data + ZI Data)              5400 (   5.27kB)
    Total ROM Size (Code + RO Data + RW Data)      15464 (  15.10kB)

==============================================================================

